// Jest Snapshot v1, https://goo.gl/fbAQLP

exports[`<ListItemsPage /> should render box items passes dispatch and getState to addBoxPage component 1`] = `
<AddBoxPage
  createItem={[Function]}
  store={
    Object {
      "dispatch": [MockFunction] {
        "calls": Array [
          Array [
            "ADD_ITEM_SUCCESS",
          ],
        ],
      },
      "getState": [MockFunction] {
        "calls": Array [
          Array [],
          Array [],
        ],
      },
    }
  }
/>
`;

exports[`<ListItemsPage /> should render box items render the form in <AddBoxPage /> 1`] = `
<div>
  <form
    className="add-box"
    onSubmit={[Function]}
  >
    <h2>
      Add new box
    </h2>
    <span
      className="error-text"
    />
    <div>
      <label
        htmlFor="name"
      >
        Name
      </label>
      <input
        id="name"
        name="name"
        onChange={[Function]}
        required={true}
        value=""
      />
    </div>
    <span
      className="error-text"
    />
    <div>
      <label
        htmlFor="weight"
      >
        Weight
      </label>
      <input
        id="weight"
        name="weight"
        onChange={[Function]}
        required={true}
        type="number"
        value=""
      />
    </div>
    <span
      className="error-text"
    />
    <div>
      <label
        htmlFor="country"
      >
        Destination Country
      </label>
      <select
        name="country"
        onChange={[Function]}
        value="Sweden"
      >
        <option
          key="Sweden"
          value="Sweden"
        >
          Sweden
        </option>
        <option
          key="China"
          value="China"
        >
          China
        </option>
        <option
          key="Brazil"
          value="Brazil"
        >
          Brazil
        </option>
        <option
          key="Australia"
          value="Australia"
        >
          Australia
        </option>
      </select>
    </div>
    <span
      className="error-text"
    />
    <div>
      <div>
        Box Color
      </div>
      <div
        onClick={[Function]}
        style={
          Object {
            "MozBorderRadius": "1px",
            "MozBoxShadow": "0 0 0 1px rgba(0,0,0,.1)",
            "OBorderRadius": "1px",
            "OBoxShadow": "0 0 0 1px rgba(0,0,0,.1)",
            "WebkitBorderRadius": "1px",
            "WebkitBoxShadow": "0 0 0 1px rgba(0,0,0,.1)",
            "background": "#fff",
            "borderRadius": "1px",
            "boxShadow": "0 0 0 1px rgba(0,0,0,.1)",
            "cursor": "pointer",
            "display": "inline-block",
            "msBorderRadius": "1px",
            "msBoxShadow": "0 0 0 1px rgba(0,0,0,.1)",
            "padding": "5px",
          }
        }
      >
        <div
          style={
            Object {
              "MozBorderRadius": "2px",
              "OBorderRadius": "2px",
              "WebkitBorderRadius": "2px",
              "background": "rgb(241, 112, 0)",
              "borderRadius": "2px",
              "height": "14px",
              "msBorderRadius": "2px",
              "width": "36px",
            }
          }
        />
      </div>
    </div>
    <div>
      <button>
        Save
      </button>
    </div>
  </form>
</div>
`;
