// Jest Snapshot v1, https://goo.gl/fbAQLP

exports[`<ListItemsPage /> should render box items Should render a table including it´s data and content 1`] = `
<div
  class="box-list"
>
  <h1>
    Box List
  </h1>
  <div>
    <table>
      <tbody>
        <tr>
          <th>
            Roy
          </th>
          <th>
            45.00 kilograms
          </th>
          <th
            style="background-color:rgb(255, 0, 0)"
          />
          <th>
             SEK
          </th>
        </tr>
        <tr>
          <th>
            Bradley
          </th>
          <th>
            8.00 kilograms
          </th>
          <th
            style="background-color:rgb(78,40,24)"
          />
          <th>
             SEK
          </th>
        </tr>
        <tr>
          <th />
          <th>
            045.008.00 Kilogram
          </th>
          <th />
          <th>
            NaN SEK
          </th>
        </tr>
      </tbody>
    </table>
  </div>
</div>
`;
